# Enter a list of packages to exclude from the livecd image. 
addpatches
autoconf
automake
bin86
binutils
bison
ccache
cronbase
distcc
flex
grub
gcc
gcc-config
gettext
gnuconfig
=dev-lang/python-2.4
=dev-lang/python-2.5
groff
help2man
layman
ld.so
lib-compat
libtool
linux-headers
m4
make
man
man-pages
miscfiles
perl-core/MIME-Base64
perl-core/libnet
perl-core/Scalar-List-Utils
dev-perl/HTML-Tagset
perl-core/Test-Harness
perl-core/Sys-Syslog
perl-core/Storable
dev-perl/TermReadKey
dev-perl/Net-SSLeay
dev-perl/yaml
perl-core/Package-Constants
dev-perl/Net-Daemon
virtual/perl-MIME-Base64   
dev-perl/HTML-Parser
virtual/perl-libnet
perl-core/Compress-Raw-Bzip2
virtual/perl-Scalar-List-Utils
perl-core/Compress-Raw-Zlib
dev-python/pyxml
dev-util/cvsps
net-dns/libidn
virtual/perl-Test-Harness
virtual/perl-Sys-Syslog
virtual/perl-Storable
perl-core/digest-base
dev-perl/URI
dev-perl/HTML-Tree
virtual/perl-Compress-Raw-Bzip  
virtual/perl-Compress-Raw-Zlib
dev-perl/Net-LibIDN   
dev-perl/PlRPC
perl-core/IO-Compress
virtual/perl-digest-base
dev-perl/IO-Socket-SSL
virtual/perl-IO-Compress
perl-core/Digest-MD5
dev-perl/Net-SMTP-SSL
dev-perl/Digest-SHA1
virtual/perl-Digest-MD5
virtual/perl-Compress-Zlib
perl-core/IO-Zlib
dev-perl/Digest-HMAC
dev-perl/Authen-SASL
virtual/perl-IO-Zlib
perl-core/Archive-Tar
virtual/perl-Archive-Tar
perl-core/Module-Build
virtual/perl-Module-Build
perl-core/ExtUtils-CBuilder
virtual/perl-ExtUtils-CBuilder
perl-core/ExtUtils-ParseXS
virtual/perl-ExtUtils-ParseXS
perl-core/File-Spec
dev-perl/Error
virtual/perl-File-Spec
dev-perl/DBI
dev-perl/DBD-SQLite
dev-perl/Crypt-SSLeay
dev-perl/libwww-perl
patch
perl-cleaner
sash
sysklogd 
texinfo
